#-----------------------------------------------------------
# Webtalk v2019.1 (64-bit)
# SW Build 2552052 on Fri May 24 14:49:42 MDT 2019
# IP Build 2548770 on Fri May 24 18:01:18 MDT 2019
# Start of session at: Thu Nov  9 21:52:49 2023
# Process ID: 4320
# Current directory: C:/Users/aulavirtual/Downloads/lab3_v5-20231109T203257Z-001/lab3_v5/lab3_v5.sim/sim_1/behav/xsim
# Command line: wbtcv.exe -mode batch -source C:/Users/aulavirtual/Downloads/lab3_v5-20231109T203257Z-001/lab3_v5/lab3_v5.sim/sim_1/behav/xsim/xsim.dir/milliseconds_tb_behav/webtalk/xsim_webtalk.tcl -notrace
# Log file: C:/Users/aulavirtual/Downloads/lab3_v5-20231109T203257Z-001/lab3_v5/lab3_v5.sim/sim_1/behav/xsim/webtalk.log
# Journal file: C:/Users/aulavirtual/Downloads/lab3_v5-20231109T203257Z-001/lab3_v5/lab3_v5.sim/sim_1/behav/xsim\webtalk.jou
#-----------------------------------------------------------
source C:/Users/aulavirtual/Downloads/lab3_v5-20231109T203257Z-001/lab3_v5/lab3_v5.sim/sim_1/behav/xsim/xsim.dir/milliseconds_tb_behav/webtalk/xsim_webtalk.tcl -notrace
